]0;/home/rafa/Desktop/spoti(base) rafa@rafa-VirtualBox:~/Desktop/spoti$ git status
fatal: Not a git repository (or any of the parent directories): .git
]0;/home/rafa/Desktop/spoti(base) rafa@rafa-VirtualBox:~/Desktop/spoti$ git init
Initialized empty Git repository in /home/rafa/Desktop/spoti/.git/
]0;/home/rafa/Desktop/spoti(base) rafa@rafa-VirtualBox:~/Desktop/spoti$ git add -A
]0;/home/rafa/Desktop/spoti(base) rafa@rafa-VirtualBox:~/Desktop/spoti$ git commit M "[K[K[K-m "Initial commit"
[master (root-commit) 22fb2cf] Initial commit
 11 files changed, 136 insertions(+)
 create mode 100644 .Rproj.user/9D5F2762/console06/4185084B
 create mode 100644 .Rproj.user/9D5F2762/console06/INDEX001
 create mode 100644 .Rproj.user/9D5F2762/sources/prop/7166558F
 create mode 100644 .Rproj.user/9D5F2762/sources/prop/INDEX
 create mode 100644 .Rproj.user/9D5F2762/sources/s-34C79E41/8204DD71
 create mode 100644 .Rproj.user/9D5F2762/sources/s-34C79E41/8204DD71-contents
 create mode 100644 .Rproj.user/9D5F2762/sources/s-34C79E41/lock_file
 create mode 100644 .Rproj.user/shared/notebooks/patch-chunk-names
 create mode 100644 import.R
 create mode 100644 spoti.Rproj
 create mode 100644 visualize.R
]0;/home/rafa/Desktop/spoti(base) rafa@rafa-VirtualBox:~/Desktop/spoti(master)$ (base) rafa@rafa-VirtualBox:~/Desktop/spoti(master)$ git checkout
M	.Rproj.user/9D5F2762/console06/4185084B
M	.Rproj.user/9D5F2762/sources/prop/7166558F
M	.Rproj.user/9D5F2762/sources/s-34C79E41/8204DD71
M	.Rproj.user/9D5F2762/sources/s-34C79E41/8204DD71-contents
M	import.R
]0;/home/rafa/Desktop/spoti(base) rafa@rafa-VirtualBox:~/Desktop/spoti(master)$ git status
On branch master
Changes not staged for commit:
  (use "git add <file>..." to update what will be committed)
  (use "git checkout -- <file>..." to discard changes in working directory)

	[31mmodified:   .Rproj.user/9D5F2762/console06/4185084B[m
	[31mmodified:   .Rproj.user/9D5F2762/sources/prop/7166558F[m
	[31mmodified:   .Rproj.user/9D5F2762/sources/s-34C79E41/8204DD71[m
	[31mmodified:   .Rproj.user/9D5F2762/sources/s-34C79E41/8204DD71-contents[m
	[31mmodified:   import.R[m

Untracked files:
  (use "git add <file>..." to include in what will be committed)

	[31m.Rproj.user/9D5F2762/console06/4185084B.env[m
	[31m.Rproj.user/9D5F2762/sources/s-34C79E41/6C31CC61[m
	[31m.Rproj.user/9D5F2762/sources/s-34C79E41/6C31CC61-contents[m

no changes added to commit (use "git add" and/or "git commit -a")
]0;/home/rafa/Desktop/spoti(base) rafa@rafa-VirtualBox:~/Desktop/spoti(master)$ git diff import.R
[?1h=[1mdiff --git a/import.R b/import.R[m[m
[1mindex 468b42a..4dfb2ca 100644[m[m
[1m--- a/import.R[m[m
[1m+++ b/import.R[m[m
[36m@@ -7,21 +7,22 @@[m [mMETALLICA_ID <- "2ye2Wgw4gimLv2eAKyk1NB"[m[m
 metallica_albums <- get_artist_albums(id=METALLICA_ID,[m[m
                                       include_groups = "album",[m[m
                                       limit = 50) %>% [m[m
[31m-  select(album_name=name, album_id=id) %>% [m[m
[32m+[m[32m  select(album_name=name, album_id=id, release_date) %>%[m[41m [m[m
   slice(6, 11, 13, 17, 19, 21, 26, 30, 35, 39, 43)[m[m
:[K[K[K:[K[K:[K[K[7mNo next tag  (press RETURN)[27m[12;1H[K[K:[K[K[?1l>]0;/home/rafa/Desktop/spoti(base) rafa@rafa-VirtualBox:~/Desktop/spoti(master)$ git checkout import.R
]0;/home/rafa/Desktop/spoti(base) rafa@rafa-VirtualBox:~/Desktop/spoti(master)$ culr -o [K[KO [K[K[K[K[K[Kr, [K[Kk .[K[K[Kl -O https://famfont s.com/zips/metallica.zip
  % Total    % Received % Xferd  Average Speed   Time    Time     Time  Current
                                 Dload  Upload   Total   Spent    Left  Speed
  0     0    0     0    0     0      0      0 --:--:-- --:--:-- --:--:--     0  0     0    0     0    0     0      0      0 --:--:-- --:--:-- --:--:--     0100 13460  100 13460    0     0  19065      0 --:--:-- --:--:-- --:--:-- 19038
]0;/home/rafa/Desktop/spoti(base) rafa@rafa-VirtualBox:~/Desktop/spoti(master)$ unzip metallica.zip 
Archive:  metallica.zip
   creating: metallica/
  inflating: metallica/how_to.txt    
  inflating: metallica/PASTOROF.TTF  
  inflating: metallica/Read_Me.txt   
  inflating: metallica/Famous Fonts.txt  
]0;/home/rafa/Desktop/spoti(base) rafa@rafa-VirtualBox:~/Desktop/spoti(master)$ cat metallica/how_to.txtt 
There's a  tricky trick you can do to get the flipped characters in
Pastor of Muppets.

Use alt then a 4 number combo and you should get a flipped version of each letter.

A - alt+0188
B - alt+0189
C - alt+0190
D - alt+0191
E - alt+0192
F - alt+0193
G - alt+0194
H - alt+0195
I - alt+0196
J - alt+0197
K - alt+0198
L - alt+0199
M - alt+0200
N - alt+0201
O - alt+0202
P - alt+0203
Q - alt+0204
R - alt+0205
S - alt+0206
T - alt+0207
U - alt+0208
V - alt+0209
W - alt+0210
X - alt+0211
Y - alt+0212
Z - alt+0213

This just goes to show you that I'm not lazy and I deserve a donation.
If you don't want to send money that's fine.  Cds are great too ...
or anything really.

The address is in the donation section on any of my webpages.

The font contained in this archive is Freeware.
No payment is required for the use of this font.  It's free!
Commercial or personal use?  It doesn't matter, it's free.

I make all the fonts (over 125 of them) on my web page and
they're all free but I'd love it if you sent a donation.

The page is called Larabie Fonts
It can be found at various mirror sites.

try:
www.delirium.com/larabiefonts
www.swankarmy.net/larabiefonts
www.goldenapple.com/larabiefonts
highland.mit.edu/larabiefonts
web.mit.edu/zudark/larabiefonts

if all else fails there might be some links at


q]0;/home/rafa/Desktop/spoti(base) rafa@rafa-VirtualBox:~/Desktop/spoti(master)$ 
]0;/home/rafa/Desktop/spoti(base) rafa@rafa-VirtualBox:~/Desktop/spoti(master)$ 
]0;/home/rafa/Desktop/spoti(base) rafa@rafa-VirtualBox:~/Desktop/spoti(master)$ q

The program 'q' can be found in the following packages:
 * python-q-text-as-data
 * python3-q-text-as-data
Try: sudo apt install <selected package>
g]0;/home/rafa/Desktop/spoti(base) rafa@rafa-VirtualBox:~/Desktop/spoti(master)$ 
]0;/home/rafa/Desktop/spoti(base) rafa@rafa-VirtualBox:~/Desktop/spoti(master)$ git status
On branch master
Changes not staged for commit:
  (use "git add/rm <file>..." to update what will be committed)
  (use "git checkout -- <file>..." to discard changes in working directory)

	[31mmodified:   .Rproj.user/9D5F2762/console06/4185084B[m
	[31mmodified:   .Rproj.user/9D5F2762/console06/INDEX001[m
	[31mmodified:   .Rproj.user/9D5F2762/sources/prop/7166558F[m
	[31mmodified:   .Rproj.user/9D5F2762/sources/prop/INDEX[m
	[31mdeleted:    .Rproj.user/9D5F2762/sources/s-34C79E41/8204DD71[m
	[31mdeleted:    .Rproj.user/9D5F2762/sources/s-34C79E41/8204DD71-contents[m
	[31mdeleted:    .Rproj.user/9D5F2762/sources/s-34C79E41/lock_file[m
	[31mmodified:   import.R[m
	[31mmodified:   visualize.R[m

Untracked files:
  (use "git add <file>..." to include in what will be committed)

	[31m.gitignore[m
	[31mmetallica.rds[m
	[31mmetallica.zip[m
	[31mmetallica/[m

no changes added to commit (use "git add" and/or "git commit -a")
]0;/home/rafa/Desktop/spoti(base) rafa@rafa-VirtualBox:~/Desktop/spoti(master)$ mv metallica ton[K[K[Kfont
]0;/home/rafa/Desktop/spoti(base) rafa@rafa-VirtualBox:~/Desktop/spoti(master)$ rm metallica.zip 
]0;/home/rafa/Desktop/spoti(base) rafa@rafa-VirtualBox:~/Desktop/spoti(master)$ cd me[K[Kfont/
]0;/home/rafa/Desktop/spoti/font(base) rafa@rafa-VirtualBox:~/Desktop/spoti/font(master)$ ls
[0m[01;32mFamous Fonts.txt[0m  [01;32mhow_to.txt[0m  [01;32mPASTOROF.TTF[0m  [01;32mRead_Me.txt[0m
]0;/home/rafa/Desktop/spoti/font(base) rafa@rafa-VirtualBox:~/Desktop/spoti/font(master)$ rm Read_Me.txt [K[K[K[K[K[K[K[K[K[K[K[K*.txt
]0;/home/rafa/Desktop/spoti/font(base) rafa@rafa-VirtualBox:~/Desktop/spoti/font(master)$ ls
[0m[01;32mPASTOROF.TTF[0m
]0;/home/rafa/Desktop/spoti/font(base) rafa@rafa-VirtualBox:~/Desktop/spoti/font(master)$ cd ..
]0;/home/rafa/Desktop/spoti(base) rafa@rafa-VirtualBox:~/Desktop/spoti(master)$ ls
[0m[34;42mfont[0m  import.R  metallica.rds  spoti.Rproj  visualize.R
]0;/home/rafa/Desktop/spoti(base) rafa@rafa-VirtualBox:~/Desktop/spoti(master)$ git status
On branch master
Changes not staged for commit:
  (use "git add/rm <file>..." to update what will be committed)
  (use "git checkout -- <file>..." to discard changes in working directory)

	[31mmodified:   .Rproj.user/9D5F2762/console06/4185084B[m
	[31mmodified:   .Rproj.user/9D5F2762/console06/INDEX001[m
	[31mmodified:   .Rproj.user/9D5F2762/sources/prop/7166558F[m
	[31mmodified:   .Rproj.user/9D5F2762/sources/prop/INDEX[m
	[31mdeleted:    .Rproj.user/9D5F2762/sources/s-34C79E41/8204DD71[m
	[31mdeleted:    .Rproj.user/9D5F2762/sources/s-34C79E41/8204DD71-contents[m
	[31mdeleted:    .Rproj.user/9D5F2762/sources/s-34C79E41/lock_file[m
	[31mmodified:   import.R[m
	[31mmodified:   visualize.R[m

Untracked files:
  (use "git add <file>..." to include in what will be committed)

	[31m.gitignore[m
	[31mfont/[m
	[31mmetallica.rds[m

no changes added to commit (use "git add" and/or "git commit -a")
]0;/home/rafa/Desktop/spoti(base) rafa@rafa-VirtualBox:~/Desktop/spoti(master)$ git add -A
]0;/home/rafa/Desktop/spoti(base) rafa@rafa-VirtualBox:~/Desktop/spoti(master)$ git commit -m "Add font  file"
[master ad1ae8b] Add font file
 12 files changed, 284 insertions(+), 73 deletions(-)
 rewrite .Rproj.user/9D5F2762/console06/INDEX001 (100%)
 delete mode 100644 .Rproj.user/9D5F2762/sources/s-34C79E41/8204DD71
 delete mode 100644 .Rproj.user/9D5F2762/sources/s-34C79E41/8204DD71-contents
 delete mode 100644 .Rproj.user/9D5F2762/sources/s-34C79E41/lock_file
 create mode 100644 .gitignore
 create mode 100755 font/PASTOROF.TTF
 create mode 100644 metallica.rds
]0;/home/rafa/Desktop/spoti(base) rafa@rafa-VirtualBox:~/Desktop/spoti(master)$ git remote add origin h ttps://github.com/rlabuonora/metallica_viz.git
]0;/home/rafa/Desktop/spoti(base) rafa@rafa-VirtualBox:~/Desktop/spoti(master)$ git push -u origin mast er
error: cannot run rpostback-askpass: No such file or directory
Username for 'https://github.com': rlabuonora
error: cannot run rpostback-askpass: No such file or directory
Password for 'https://rlabuonora@github.com': 
remote: Invalid username or password.
fatal: Authentication failed for 'https://github.com/rlabuonora/metallica_viz.git/'
]0;/home/rafa/Desktop/spoti(base) rafa@rafa-VirtualBox:~/Desktop/spoti(master)$ git push -u origin masteer
error: cannot run rpostback-askpass: No such file or directory
Username for 'https://github.com': rlabuonora
error: cannot run rpostback-askpass: No such file or directory
Password for 'https://rlabuonora@github.com': 
Counting objects: 36, done.
Compressing objects:   3% (1/29)   Compressing objects:   6% (2/29)   Compressing objects:  10% (3/29)   Compressing objects:  13% (4/29)   Compressing objects:  17% (5/29)   Compressing objects:  20% (6/29)   Compressing objects:  24% (7/29)   Compressing objects:  27% (8/29)   Compressing objects:  31% (9/29)   Compressing objects:  34% (10/29)   Compressing objects:  37% (11/29)   Compressing objects:  41% (12/29)   Compressing objects:  44% (13/29)   Compressing objects:  48% (14/29)   Compressing objects:  51% (15/29)   Compressing objects:  55% (16/29)   Compressing objects:  58% (17/29)   Compressing objects:  62% (18/29)   Compressing objects:  65% (19/29)   Compressing objects:  68% (20/29)   Compressing objects:  72% (21/29)   Compressing objects:  75% (22/29)   Compressing objects:  79% (23/29)   Compressing objects:  82% (24/29)   Compressing objects:  86% (25/29)   Compressing objects:  89% (26/29)   Compressing objects:  93% (27/29)   Compressing objects:  96% (28/29)   Compressing objects: 100% (29/29)   Compressing objects: 100% (29/29), done.
Writing objects:   2% (1/36)   Writing objects:   5% (2/36)   Writing objects:   8% (3/36)   Writing objects:  11% (4/36)   Writing objects:  13% (5/36)   Writing objects:  16% (6/36)   Writing objects:  19% (7/36)   Writing objects:  22% (8/36)   Writing objects:  25% (9/36)   Writing objects:  27% (10/36)   Writing objects:  30% (11/36)   Writing objects:  33% (12/36)   Writing objects:  36% (13/36)   Writing objects:  38% (14/36)   Writing objects:  41% (15/36)   Writing objects:  44% (16/36)   Writing objects:  47% (17/36)   Writing objects:  50% (18/36)   Writing objects:  55% (20/36)   Writing objects:  58% (21/36)   Writing objects:  61% (22/36)   Writing objects:  63% (23/36)   Writing objects:  66% (24/36)   Writing objects:  69% (25/36)   Writing objects:  72% (26/36)   Writing objects:  75% (27/36)   Writing objects:  77% (28/36)   Writing objects:  80% (29/36)   Writing objects:  83% (30/36)   Writing objects:  86% (31/36)   Writing objects:  88% (32/36)   Writing objects:  91% (33/36)   Writing objects:  94% (34/36)   Writing objects:  97% (35/36)   Writing objects: 100% (36/36)   Writing objects: 100% (36/36), 25.66 KiB | 0 bytes/s, done.
Total 36 (delta 4), reused 0 (delta 0)
remote: Resolving deltas:   0% (0/4)[Kremote: Resolving deltas:  25% (1/4)[Kremote: Resolving deltas:  50% (2/4)[Kremote: Resolving deltas:  75% (3/4)[Kremote: Resolving deltas: 100% (4/4)[Kremote: Resolving deltas: 100% (4/4), done.[K
To https://github.com/rlabuonora/metallica_viz.git
 * [new branch]      master -> master
Branch master set up to track remote branch master from origin.
]0;/home/rafa/Desktop/spoti(base) rafa@rafa-VirtualBox:~/Desktop/spoti(master)$ mkdir covers
]0;/home/rafa/Desktop/spoti(base) rafa@rafa-VirtualBox:~/Desktop/spoti(master)$ (base) rafa@rafa-VirtualBox:~/Desktop/spoti(master)$ git status
On branch master
Your branch is up-to-date with 'origin/master'.
Changes not staged for commit:
  (use "git add <file>..." to update what will be committed)
  (use "git checkout -- <file>..." to discard changes in working directory)

	[31mmodified:   .Rproj.user/9D5F2762/console06/4185084B[m
	[31mmodified:   .Rproj.user/9D5F2762/sources/prop/7166558F[m
	[31mmodified:   .Rproj.user/9D5F2762/sources/prop/INDEX[m
	[31mmodified:   import.R[m
	[31mmodified:   metallica.rds[m
	[31mmodified:   visualize.R[m

Untracked files:
  (use "git add <file>..." to include in what will be committed)

	[31mcovers/[m

no changes added to commit (use "git add" and/or "git commit -a")
]0;/home/rafa/Desktop/spoti(base) rafa@rafa-VirtualBox:~/Desktop/spoti(master)$ git add -A
]0;/home/rafa/Desktop/spoti(base) rafa@rafa-VirtualBox:~/Desktop/spoti(master)$ git commit -m "Download  album covers"
[master eb1d6b5] Download album covers
 17 files changed, 103 insertions(+), 6 deletions(-)
 create mode 100644 covers/...And Justice For All.jpg
 create mode 100644 covers/Death Magnetic.jpg
 create mode 100644 covers/Garage, Inc..jpg
 create mode 100644 "covers/Hardwired\342\200\246To Self-Destruct.jpg"
 create mode 100644 covers/Kill 'Em All (Remastered).jpg
 create mode 100644 covers/Load.jpg
 create mode 100644 covers/Master of Puppets (Remastered).jpg
 create mode 100644 covers/Metallica.jpg
 create mode 100644 covers/Reload.jpg
 create mode 100644 covers/Ride The Lightning (Remastered).jpg
 create mode 100644 covers/St. Anger.jpg
 rewrite metallica.rds (99%)
]0;/home/rafa/Desktop/spoti(base) rafa@rafa-VirtualBox:~/Desktop/spoti(master)$ git push origin master
error: cannot run rpostback-askpass: No such file or directory
Username for 'https://github.com': rlabuonora
error: cannot run rpostback-askpass: No such file or directory
Password for 'https://rlabuonora@github.com': 
remote: Invalid username or password.
fatal: Authentication failed for 'https://github.com/rlabuonora/metallica_viz.git/'
]0;/home/rafa/Desktop/spoti(base) rafa@rafa-VirtualBox:~/Desktop/spoti(master)$ git push origin master
error: cannot run rpostback-askpass: No such file or directory
Username for 'https://github.com': rlabuonora
error: cannot run rpostback-askpass: No such file or directory
Password for 'https://rlabuonora@github.com': 
Counting objects: 25, done.
Compressing objects:   4% (1/24)   Compressing objects:   8% (2/24)   Compressing objects:  12% (3/24)   Compressing objects:  16% (4/24)   Compressing objects:  20% (5/24)   Compressing objects:  25% (6/24)   Compressing objects:  29% (7/24)   Compressing objects:  33% (8/24)   Compressing objects:  37% (9/24)   Compressing objects:  41% (10/24)   Compressing objects:  45% (11/24)   Compressing objects:  50% (12/24)   Compressing objects:  54% (13/24)   Compressing objects:  58% (14/24)   Compressing objects:  62% (15/24)   Compressing objects:  66% (16/24)   Compressing objects:  70% (17/24)   Compressing objects:  75% (18/24)   Compressing objects:  79% (19/24)   Compressing objects:  83% (20/24)   Compressing objects:  87% (21/24)   Compressing objects:  91% (22/24)   Compressing objects:  95% (23/24)   Compressing objects: 100% (24/24)   Compressing objects: 100% (24/24), done.
Writing objects:   4% (1/25)   Writing objects:   8% (2/25)   Writing objects:  12% (3/25)   Writing objects:  16% (4/25)   Writing objects:  20% (5/25)   Writing objects:  24% (6/25)   Writing objects:  28% (7/25)   Writing objects:  32% (8/25)   Writing objects:  36% (9/25)   Writing objects:  40% (10/25)   Writing objects:  44% (11/25)   Writing objects:  48% (12/25)   Writing objects:  52% (13/25)   Writing objects:  56% (14/25)   Writing objects:  60% (15/25)   Writing objects:  64% (16/25)   Writing objects:  68% (17/25)   Writing objects:  72% (18/25)   Writing objects:  76% (19/25)   Writing objects:  80% (20/25)   Writing objects:  84% (21/25)   Writing objects:  88% (22/25)   Writing objects:  92% (23/25)   Writing objects:  96% (24/25)   Writing objects: 100% (25/25)   Writing objects: 100% (25/25), 43.20 KiB | 0 bytes/s, done.
Total 25 (delta 4), reused 0 (delta 0)
remote: Resolving deltas:   0% (0/4)[Kremote: Resolving deltas:  25% (1/4)[Kremote: Resolving deltas:  50% (2/4)[Kremote: Resolving deltas:  75% (3/4)[Kremote: Resolving deltas: 100% (4/4)[Kremote: Resolving deltas: 100% (4/4), completed with 4 local objects.[K
To https://github.com/rlabuonora/metallica_viz.git
   ad1ae8b..eb1d6b5  master -> master
]0;/home/rafa/Desktop/spoti(base) rafa@rafa-VirtualBox:~/Desktop/spoti(master)$ rm covers/*.jpg
]0;/home/rafa/Desktop/spoti(base) rafa@rafa-VirtualBox:~/Desktop/spoti(master)$ mkdir data
]0;/home/rafa/Desktop/spoti(base) rafa@rafa-VirtualBox:~/Desktop/spoti(master)$ git status
On branch master
Your branch is up-to-date with 'origin/master'.
Changes not staged for commit:
  (use "git add <file>..." to update what will be committed)
  (use "git checkout -- <file>..." to discard changes in working directory)

	[31mmodified:   .Rproj.user/9D5F2762/console06/4185084B[m
	[31mmodified:   .Rproj.user/9D5F2762/sources/prop/7166558F[m
	[31mmodified:   covers/Death Magnetic.jpg[m
	[31mmodified:   import.R[m
	[31mmodified:   visualize.R[m

Untracked files:
  (use "git add <file>..." to include in what will be committed)

	[31mdata/[m

no changes added to commit (use "git add" and/or "git commit -a")
]0;/home/rafa/Desktop/spoti(base) rafa@rafa-VirtualBox:~/Desktop/spoti(master)$ git add _[K-A